Sat Dec 24 20:02:14 2022
 niubishabi
Sat Dec 24 20:02:14 2022
 niubishabi
Sat Dec 24 20:04:36 2022
 niubishabi
Sat Dec 24 20:04:45 2022
 niubishabi
Sat Dec 24 20:04:48 2022
 niubishabi
